00:00 +0: loading /Users/mobarak/Documents/6amTech/gitHub/dayoneSoft/clean_boilerplate/test/features/auth/presentation/screens/login_screen_test.dart                                                  00:01 +0: loading /Users/mobarak/Documents/6amTech/gitHub/dayoneSoft/clean_boilerplate/test/features/auth/presentation/screens/login_screen_test.dart                                                  00:01 +0: LoginScreen displays email and password fields and login button                                                                                                                              00:01 +0: LoginScreen displays email and password fields and login button                                                                                                                              
══╡ EXCEPTION CAUGHT BY WIDGETS LIBRARY ╞═══════════════════════════════════════════════════════════
The following _TypeError was thrown building CommonLabeledInputItemWidget(dirty, dependencies:
[InheritedCupertinoTheme, _InheritedTheme, _LocalizationsScope-[GlobalKey#069e7]], state:
_CommonLabeledInputItemWidgetState#a5061):
Null check operator used on a null value

The relevant error-causing widget was:
  CommonLabeledInputItemWidget
  CommonLabeledInputItemWidget:file:///Users/mobarak/Documents/6amTech/gitHub/dayoneSoft/clean_boilerplate/lib/features/auth/presentation/widgets/login_form_widget.dart:32:13

When the exception was thrown, this was the stack:
#0      ContextExtensions.customThemeColors (package:clean_boilerplate/core/extensions/context_extensions.dart:11:82)
#1      _CommonLabeledInputItemWidgetState.build (package:clean_boilerplate/core/widgets/common_labeled_input_item_widget.dart:288:53)
#2      StatefulElement.build (package:flutter/src/widgets/framework.dart:5934:27)
#3      ComponentElement.performRebuild (package:flutter/src/widgets/framework.dart:5820:15)
#4      StatefulElement.performRebuild (package:flutter/src/widgets/framework.dart:5985:11)
#5      Element.rebuild (package:flutter/src/widgets/framework.dart:5532:7)
#6      ComponentElement._firstBuild (package:flutter/src/widgets/framework.dart:5802:5)
#7      StatefulElement._firstBuild (package:flutter/src/widgets/framework.dart:5976:11)
#8      ComponentElement.mount (package:flutter/src/widgets/framework.dart:5796:5)
#9      Element.inflateWidget (package:flutter/src/widgets/framework.dart:4590:20)
#10     MultiChildRenderObjectElement.inflateWidget (package:flutter/src/widgets/framework.dart:7269:36)
#11     MultiChildRenderObjectElement.mount (package:flutter/src/widgets/framework.dart:7285:32)
...     Normal element mounting (43 frames)
#54     SingleChildWidgetElementMixin.mount (package:nested/nested.dart:222:11)
...     Normal element mounting (41 frames)
#95     Element.inflateWidget (package:flutter/src/widgets/framework.dart:4590:20)
#96     MultiChildRenderObjectElement.inflateWidget (package:flutter/src/widgets/framework.dart:7269:36)
#97     MultiChildRenderObjectElement.mount (package:flutter/src/widgets/framework.dart:7285:32)
...     Normal element mounting (119 frames)
#216    _InheritedProviderScopeElement.mount (package:provider/src/inherited_provider.dart:424:11)
...     Normal element mounting (7 frames)
#223    SingleChildWidgetElementMixin.mount (package:nested/nested.dart:222:11)
...     Normal element mounting (7 frames)
#230    SingleChildWidgetElementMixin.mount (package:nested/nested.dart:222:11)
...     Normal element mounting (260 frames)
#490    Element.inflateWidget (package:flutter/src/widgets/framework.dart:4590:20)
#491    MultiChildRenderObjectElement.inflateWidget (package:flutter/src/widgets/framework.dart:7269:36)
#492    MultiChildRenderObjectElement.mount (package:flutter/src/widgets/framework.dart:7285:32)
...     Normal element mounting (465 frames)
#957    Element.inflateWidget (package:flutter/src/widgets/framework.dart:4590:20)
#958    Element.updateChild (package:flutter/src/widgets/framework.dart:4053:20)
#959    ComponentElement.performRebuild (package:flutter/src/widgets/framework.dart:5844:16)
#960    Element.rebuild (package:flutter/src/widgets/framework.dart:5532:7)
#961    ProxyElement.update (package:flutter/src/widgets/framework.dart:6152:5)
#962    _InheritedNotifierElement.update (package:flutter/src/widgets/inherited_notifier.dart:108:11)
#963    Element.updateChild (package:flutter/src/widgets/framework.dart:4037:15)
#964    ComponentElement.performRebuild (package:flutter/src/widgets/framework.dart:5844:16)
#965    StatefulElement.performRebuild (package:flutter/src/widgets/framework.dart:5985:11)
#966    Element.rebuild (package:flutter/src/widgets/framework.dart:5532:7)
#967    StatefulElement.update (package:flutter/src/widgets/framework.dart:6010:5)
#968    Element.updateChild (package:flutter/src/widgets/framework.dart:4037:15)
#969    ComponentElement.performRebuild (package:flutter/src/widgets/framework.dart:5844:16)
#970    Element.rebuild (package:flutter/src/widgets/framework.dart:5532:7)
#971    ProxyElement.update (package:flutter/src/widgets/framework.dart:6152:5)
#972    _InheritedNotifierElement.update (package:flutter/src/widgets/inherited_notifier.dart:108:11)
#973    Element.updateChild (package:flutter/src/widgets/framework.dart:4037:15)
#974    ComponentElement.performRebuild (package:flutter/src/widgets/framework.dart:5844:16)
#975    StatefulElement.performRebuild (package:flutter/src/widgets/framework.dart:5985:11)
#976    Element.rebuild (package:flutter/src/widgets/framework.dart:5532:7)
#977    StatefulElement.update (package:flutter/src/widgets/framework.dart:6010:5)
#978    Element.updateChild (package:flutter/src/widgets/framework.dart:4037:15)
#979    ComponentElement.performRebuild (package:flutter/src/widgets/framework.dart:5844:16)
#980    StatefulElement.performRebuild (package:flutter/src/widgets/framework.dart:5985:11)
#981    Element.rebuild (package:flutter/src/widgets/framework.dart:5532:7)
#982    StatefulElement.update (package:flutter/src/widgets/framework.dart:6010:5)
#983    Element.updateChild (package:flutter/src/widgets/framework.dart:4037:15)
#984    ComponentElement.performRebuild (package:flutter/src/widgets/framework.dart:5844:16)
#985    Element.rebuild (package:flutter/src/widgets/framework.dart:5532:7)
#986    ProxyElement.update (package:flutter/src/widgets/framework.dart:6152:5)
#987    Element.updateChild (package:flutter/src/widgets/framework.dart:4037:15)
#988    ComponentElement.performRebuild (package:flutter/src/widgets/framework.dart:5844:16)
#989    StatefulElement.performRebuild (package:flutter/src/widgets/framework.dart:5985:11)
#990    Element.rebuild (package:flutter/src/widgets/framework.dart:5532:7)
#991    StatefulElement.update (package:flutter/src/widgets/framework.dart:6010:5)
#992    Element.updateChild (package:flutter/src/widgets/framework.dart:4037:15)
#993    ComponentElement.performRebuild (package:flutter/src/widgets/framework.dart:5844:16)
#994    Element.rebuild (package:flutter/src/widgets/framework.dart:5532:7)
#995    ProxyElement.update (package:flutter/src/widgets/framework.dart:6152:5)
#996    Element.updateChild (package:flutter/src/widgets/framework.dart:4037:15)
#997    ComponentElement.performRebuild (package:flutter/src/widgets/framework.dart:5844:16)
#998    Element.rebuild (package:flutter/src/widgets/framework.dart:5532:7)
#999    ProxyElement.update (package:flutter/src/widgets/framework.dart:6152:5)
#1000   Element.updateChild (package:flutter/src/widgets/framework.dart:4037:15)
#1001   _RawViewElement._updateChild (package:flutter/src/widgets/view.dart:481:16)
#1002   _RawViewElement.update (package:flutter/src/widgets/view.dart:568:5)
#1003   Element.updateChild (package:flutter/src/widgets/framework.dart:4037:15)
#1004   ComponentElement.performRebuild (package:flutter/src/widgets/framework.dart:5844:16)
#1005   Element.rebuild (package:flutter/src/widgets/framework.dart:5532:7)
#1006   StatelessElement.update (package:flutter/src/widgets/framework.dart:5898:5)
#1007   Element.updateChild (package:flutter/src/widgets/framework.dart:4037:15)
#1008   ComponentElement.performRebuild (package:flutter/src/widgets/framework.dart:5844:16)
#1009   StatefulElement.performRebuild (package:flutter/src/widgets/framework.dart:5985:11)
#1010   Element.rebuild (package:flutter/src/widgets/framework.dart:5532:7)
#1011   StatefulElement.update (package:flutter/src/widgets/framework.dart:6010:5)
#1012   Element.updateChild (package:flutter/src/widgets/framework.dart:4037:15)
#1013   RootElement._rebuild (package:flutter/src/widgets/binding.dart:1782:16)
#1014   RootElement.update (package:flutter/src/widgets/binding.dart:1760:5)
#1015   RootElement.performRebuild (package:flutter/src/widgets/binding.dart:1774:7)
#1016   Element.rebuild (package:flutter/src/widgets/framework.dart:5532:7)
#1017   BuildScope._tryRebuild (package:flutter/src/widgets/framework.dart:2750:15)
#1018   BuildScope._flushDirtyElements (package:flutter/src/widgets/framework.dart:2807:11)
#1019   BuildOwner.buildScope (package:flutter/src/widgets/framework.dart:3111:18)
#1020   AutomatedTestWidgetsFlutterBinding.drawFrame (package:flutter_test/src/binding.dart:1506:19)
#1021   RendererBinding._handlePersistentFrameCallback (package:flutter/src/rendering/binding.dart:495:5)
#1022   SchedulerBinding._invokeFrameCallback (package:flutter/src/scheduler/binding.dart:1434:15)
#1023   SchedulerBinding.handleDrawFrame (package:flutter/src/scheduler/binding.dart:1347:9)
#1024   AutomatedTestWidgetsFlutterBinding.pump.<anonymous closure> (package:flutter_test/src/binding.dart:1335:9)
#1027   TestAsyncUtils.guard (package:flutter_test/src/test_async_utils.dart:74:41)
#1028   AutomatedTestWidgetsFlutterBinding.pump (package:flutter_test/src/binding.dart:1324:27)
#1029   WidgetTester.pumpWidget.<anonymous closure> (package:flutter_test/src/widget_tester.dart:598:22)
#1032   TestAsyncUtils.guard (package:flutter_test/src/test_async_utils.dart:74:41)
#1033   WidgetTester.pumpWidget (package:flutter_test/src/widget_tester.dart:595:27)
#1034   main.<anonymous closure> (file:///Users/mobarak/Documents/6amTech/gitHub/dayoneSoft/clean_boilerplate/test/features/auth/presentation/screens/login_screen_test.dart:49:18)
#1035   testWidgets.<anonymous closure>.<anonymous closure> (package:flutter_test/src/widget_tester.dart:192:29)
<asynchronous suspension>
#1036   TestWidgetsFlutterBinding._runTestBody (package:flutter_test/src/binding.dart:1059:5)
<asynchronous suspension>
<asynchronous suspension>
(elided 5 frames from dart:async and package:stack_trace)

════════════════════════════════════════════════════════════════════════════════════════════════════
══╡ EXCEPTION CAUGHT BY WIDGETS LIBRARY ╞═══════════════════════════════════════════════════════════
The following _TypeError was thrown building CommonLabeledInputItemWidget(dirty, dependencies:
[InheritedCupertinoTheme, _InheritedTheme, _LocalizationsScope-[GlobalKey#069e7]], state:
_CommonLabeledInputItemWidgetState#0b1f1):
Null check operator used on a null value

The relevant error-causing widget was:
  CommonLabeledInputItemWidget
  CommonLabeledInputItemWidget:file:///Users/mobarak/Documents/6amTech/gitHub/dayoneSoft/clean_boilerplate/lib/features/auth/presentation/widgets/login_form_widget.dart:42:13

When the exception was thrown, this was the stack:
#0      ContextExtensions.customThemeColors (package:clean_boilerplate/core/extensions/context_extensions.dart:11:82)
#1      _CommonLabeledInputItemWidgetState.build (package:clean_boilerplate/core/widgets/common_labeled_input_item_widget.dart:288:53)
#2      StatefulElement.build (package:flutter/src/widgets/framework.dart:5934:27)
#3      ComponentElement.performRebuild (package:flutter/src/widgets/framework.dart:5820:15)
#4      StatefulElement.performRebuild (package:flutter/src/widgets/framework.dart:5985:11)
#5      Element.rebuild (package:flutter/src/widgets/framework.dart:5532:7)
#6      ComponentElement._firstBuild (package:flutter/src/widgets/framework.dart:5802:5)
#7      StatefulElement._firstBuild (package:flutter/src/widgets/framework.dart:5976:11)
#8      ComponentElement.mount (package:flutter/src/widgets/framework.dart:5796:5)
#9      Element.inflateWidget (package:flutter/src/widgets/framework.dart:4590:20)
#10     MultiChildRenderObjectElement.inflateWidget (package:flutter/src/widgets/framework.dart:7269:36)
#11     MultiChildRenderObjectElement.mount (package:flutter/src/widgets/framework.dart:7285:32)
...     Normal element mounting (43 frames)
#54     SingleChildWidgetElementMixin.mount (package:nested/nested.dart:222:11)
...     Normal element mounting (41 frames)
#95     Element.inflateWidget (package:flutter/src/widgets/framework.dart:4590:20)
#96     MultiChildRenderObjectElement.inflateWidget (package:flutter/src/widgets/framework.dart:7269:36)
#97     MultiChildRenderObjectElement.mount (package:flutter/src/widgets/framework.dart:7285:32)
...     Normal element mounting (119 frames)
#216    _InheritedProviderScopeElement.mount (package:provider/src/inherited_provider.dart:424:11)
...     Normal element mounting (7 frames)
#223    SingleChildWidgetElementMixin.mount (package:nested/nested.dart:222:11)
...     Normal element mounting (7 frames)
#230    SingleChildWidgetElementMixin.mount (package:nested/nested.dart:222:11)
...     Normal element mounting (260 frames)
#490    Element.inflateWidget (package:flutter/src/widgets/framework.dart:4590:20)
#491    MultiChildRenderObjectElement.inflateWidget (package:flutter/src/widgets/framework.dart:7269:36)
#492    MultiChildRenderObjectElement.mount (package:flutter/src/widgets/framework.dart:7285:32)
...     Normal element mounting (465 frames)
#957    Element.inflateWidget (package:flutter/src/widgets/framework.dart:4590:20)
#958    Element.updateChild (package:flutter/src/widgets/framework.dart:4053:20)
#959    ComponentElement.performRebuild (package:flutter/src/widgets/framework.dart:5844:16)
#960    Element.rebuild (package:flutter/src/widgets/framework.dart:5532:7)
#961    ProxyElement.update (package:flutter/src/widgets/framework.dart:6152:5)
#962    _InheritedNotifierElement.update (package:flutter/src/widgets/inherited_notifier.dart:108:11)
#963    Element.updateChild (package:flutter/src/widgets/framework.dart:4037:15)
#964    ComponentElement.performRebuild (package:flutter/src/widgets/framework.dart:5844:16)
#965    StatefulElement.performRebuild (package:flutter/src/widgets/framework.dart:5985:11)
#966    Element.rebuild (package:flutter/src/widgets/framework.dart:5532:7)
#967    StatefulElement.update (package:flutter/src/widgets/framework.dart:6010:5)
#968    Element.updateChild (package:flutter/src/widgets/framework.dart:4037:15)
#969    ComponentElement.performRebuild (package:flutter/src/widgets/framework.dart:5844:16)
#970    Element.rebuild (package:flutter/src/widgets/framework.dart:5532:7)
#971    ProxyElement.update (package:flutter/src/widgets/framework.dart:6152:5)
#972    _InheritedNotifierElement.update (package:flutter/src/widgets/inherited_notifier.dart:108:11)
#973    Element.updateChild (package:flutter/src/widgets/framework.dart:4037:15)
#974    ComponentElement.performRebuild (package:flutter/src/widgets/framework.dart:5844:16)
#975    StatefulElement.performRebuild (package:flutter/src/widgets/framework.dart:5985:11)
#976    Element.rebuild (package:flutter/src/widgets/framework.dart:5532:7)
#977    StatefulElement.update (package:flutter/src/widgets/framework.dart:6010:5)
#978    Element.updateChild (package:flutter/src/widgets/framework.dart:4037:15)
#979    ComponentElement.performRebuild (package:flutter/src/widgets/framework.dart:5844:16)
#980    StatefulElement.performRebuild (package:flutter/src/widgets/framework.dart:5985:11)
#981    Element.rebuild (package:flutter/src/widgets/framework.dart:5532:7)
#982    StatefulElement.update (package:flutter/src/widgets/framework.dart:6010:5)
#983    Element.updateChild (package:flutter/src/widgets/framework.dart:4037:15)
#984    ComponentElement.performRebuild (package:flutter/src/widgets/framework.dart:5844:16)
#985    Element.rebuild (package:flutter/src/widgets/framework.dart:5532:7)
#986    ProxyElement.update (package:flutter/src/widgets/framework.dart:6152:5)
#987    Element.updateChild (package:flutter/src/widgets/framework.dart:4037:15)
#988    ComponentElement.performRebuild (package:flutter/src/widgets/framework.dart:5844:16)
#989    StatefulElement.performRebuild (package:flutter/src/widgets/framework.dart:5985:11)
#990    Element.rebuild (package:flutter/src/widgets/framework.dart:5532:7)
#991    StatefulElement.update (package:flutter/src/widgets/framework.dart:6010:5)
#992    Element.updateChild (package:flutter/src/widgets/framework.dart:4037:15)
#993    ComponentElement.performRebuild (package:flutter/src/widgets/framework.dart:5844:16)
#994    Element.rebuild (package:flutter/src/widgets/framework.dart:5532:7)
#995    ProxyElement.update (package:flutter/src/widgets/framework.dart:6152:5)
#996    Element.updateChild (package:flutter/src/widgets/framework.dart:4037:15)
#997    ComponentElement.performRebuild (package:flutter/src/widgets/framework.dart:5844:16)
#998    Element.rebuild (package:flutter/src/widgets/framework.dart:5532:7)
#999    ProxyElement.update (package:flutter/src/widgets/framework.dart:6152:5)
#1000   Element.updateChild (package:flutter/src/widgets/framework.dart:4037:15)
#1001   _RawViewElement._updateChild (package:flutter/src/widgets/view.dart:481:16)
#1002   _RawViewElement.update (package:flutter/src/widgets/view.dart:568:5)
#1003   Element.updateChild (package:flutter/src/widgets/framework.dart:4037:15)
#1004   ComponentElement.performRebuild (package:flutter/src/widgets/framework.dart:5844:16)
#1005   Element.rebuild (package:flutter/src/widgets/framework.dart:5532:7)
#1006   StatelessElement.update (package:flutter/src/widgets/framework.dart:5898:5)
#1007   Element.updateChild (package:flutter/src/widgets/framework.dart:4037:15)
#1008   ComponentElement.performRebuild (package:flutter/src/widgets/framework.dart:5844:16)
#1009   StatefulElement.performRebuild (package:flutter/src/widgets/framework.dart:5985:11)
#1010   Element.rebuild (package:flutter/src/widgets/framework.dart:5532:7)
#1011   StatefulElement.update (package:flutter/src/widgets/framework.dart:6010:5)
#1012   Element.updateChild (package:flutter/src/widgets/framework.dart:4037:15)
#1013   RootElement._rebuild (package:flutter/src/widgets/binding.dart:1782:16)
#1014   RootElement.update (package:flutter/src/widgets/binding.dart:1760:5)
#1015   RootElement.performRebuild (package:flutter/src/widgets/binding.dart:1774:7)
#1016   Element.rebuild (package:flutter/src/widgets/framework.dart:5532:7)
#1017   BuildScope._tryRebuild (package:flutter/src/widgets/framework.dart:2750:15)
#1018   BuildScope._flushDirtyElements (package:flutter/src/widgets/framework.dart:2807:11)
#1019   BuildOwner.buildScope (package:flutter/src/widgets/framework.dart:3111:18)
#1020   AutomatedTestWidgetsFlutterBinding.drawFrame (package:flutter_test/src/binding.dart:1506:19)
#1021   RendererBinding._handlePersistentFrameCallback (package:flutter/src/rendering/binding.dart:495:5)
#1022   SchedulerBinding._invokeFrameCallback (package:flutter/src/scheduler/binding.dart:1434:15)
#1023   SchedulerBinding.handleDrawFrame (package:flutter/src/scheduler/binding.dart:1347:9)
#1024   AutomatedTestWidgetsFlutterBinding.pump.<anonymous closure> (package:flutter_test/src/binding.dart:1335:9)
#1027   TestAsyncUtils.guard (package:flutter_test/src/test_async_utils.dart:74:41)
#1028   AutomatedTestWidgetsFlutterBinding.pump (package:flutter_test/src/binding.dart:1324:27)
#1029   WidgetTester.pumpWidget.<anonymous closure> (package:flutter_test/src/widget_tester.dart:598:22)
#1032   TestAsyncUtils.guard (package:flutter_test/src/test_async_utils.dart:74:41)
#1033   WidgetTester.pumpWidget (package:flutter_test/src/widget_tester.dart:595:27)
#1034   main.<anonymous closure> (file:///Users/mobarak/Documents/6amTech/gitHub/dayoneSoft/clean_boilerplate/test/features/auth/presentation/screens/login_screen_test.dart:49:18)
#1035   testWidgets.<anonymous closure>.<anonymous closure> (package:flutter_test/src/widget_tester.dart:192:29)
<asynchronous suspension>
#1036   TestWidgetsFlutterBinding._runTestBody (package:flutter_test/src/binding.dart:1059:5)
<asynchronous suspension>
<asynchronous suspension>
(elided 5 frames from dart:async and package:stack_trace)

════════════════════════════════════════════════════════════════════════════════════════════════════
══╡ EXCEPTION CAUGHT BY RENDERING LIBRARY ╞═════════════════════════════════════════════════════════
The following assertion was thrown during layout:
A RenderFlex overflowed by 199576 pixels on the bottom.

The relevant error-causing widget was:
  Column
  Column:file:///Users/mobarak/Documents/6amTech/gitHub/dayoneSoft/clean_boilerplate/lib/features/auth/presentation/widgets/login_form_widget.dart:28:16

The overflowing RenderFlex has an orientation of Axis.vertical.
The edge of the RenderFlex that is overflowing has been marked in the rendering with a yellow and
black striped pattern. This is usually caused by the contents being too big for the RenderFlex.
Consider applying a flex factor (e.g. using an Expanded widget) to force the children of the
RenderFlex to fit within the available space instead of being sized to their natural size.
This is considered an error condition because it indicates that there is content that cannot be
seen. If the content is legitimately bigger than the available space, consider clipping it with a
ClipRect widget before putting it in the flex, or using a scrollable container rather than a Flex,
like a ListView.
The specific RenderFlex in question is: RenderFlex#5b932 relayoutBoundary=up3 OVERFLOWING:
  creator: Column ← _FormScope ← WillPopScope ← Semantics ← Form-[LabeledGlobalKey<FormState>#0b1ea] ←
    Padding ← LoginFormWidget ← BlocListener<AuthBloc, AuthState> ← BlocBuilder<AuthBloc, AuthState> ←
    BlocConsumer<AuthBloc, AuthState> ← KeyedSubtree-[GlobalKey#e7af1] ← _BodyBuilder ← ⋯
  parentData: <none> (can use size)
  constraints: BoxConstraints(0.0<=w<=768.0, 0.0<=h<=512.0)
  size: Size(768.0, 512.0)
  direction: vertical
  mainAxisAlignment: center
  mainAxisSize: max
  crossAxisAlignment: center
  verticalDirection: down
  spacing: 0.0
◢◤◢◤◢◤◢◤◢◤◢◤◢◤◢◤◢◤◢◤◢◤◢◤◢◤◢◤◢◤◢◤◢◤◢◤◢◤◢◤◢◤◢◤◢◤◢◤◢◤◢◤◢◤◢◤◢◤◢◤◢◤◢◤◢◤◢◤◢◤◢◤◢◤◢◤◢◤◢◤◢◤◢◤◢◤◢◤◢◤◢◤◢◤◢◤◢◤◢◤
════════════════════════════════════════════════════════════════════════════════════════════════════
══╡ EXCEPTION CAUGHT BY FLUTTER TEST FRAMEWORK ╞════════════════════════════════════════════════════
The following TestFailure was thrown running a test:
Expected: exactly 2 matching candidates
  Actual: _TypeWidgetFinder:<Found 0 widgets with type "TextFormField": []>
   Which: means none were found but some were expected

When the exception was thrown, this was the stack:
#4      main.<anonymous closure> (file:///Users/mobarak/Documents/6amTech/gitHub/dayoneSoft/clean_boilerplate/test/features/auth/presentation/screens/login_screen_test.dart:51:5)
<asynchronous suspension>
#5      testWidgets.<anonymous closure>.<anonymous closure> (package:flutter_test/src/widget_tester.dart:192:15)
<asynchronous suspension>
#6      TestWidgetsFlutterBinding._runTestBody (package:flutter_test/src/binding.dart:1059:5)
<asynchronous suspension>
<asynchronous suspension>
(elided one frame from package:stack_trace)

This was caught by the test expectation on the following line:
  file:///Users/mobarak/Documents/6amTech/gitHub/dayoneSoft/clean_boilerplate/test/features/auth/presentation/screens/login_screen_test.dart line 51
The test description was:
  LoginScreen displays email and password fields and login button
════════════════════════════════════════════════════════════════════════════════════════════════════
══╡ EXCEPTION CAUGHT BY FLUTTER TEST FRAMEWORK ╞════════════════════════════════════════════════════
The following message was thrown:
Multiple exceptions (4) were detected during the running of the current test, and at least one was
unexpected.
════════════════════════════════════════════════════════════════════════════════════════════════════
00:01 +0 -1: LoginScreen displays email and password fields and login button [E]                                                                                                                       
  Test failed. See exception logs above.
  The test description was: LoginScreen displays email and password fields and login button
  

To run this test again: /Users/mobarak/Documents/development/all/latest/bin/cache/dart-sdk/bin/dart test /Users/mobarak/Documents/6amTech/gitHub/dayoneSoft/clean_boilerplate/test/features/auth/presentation/screens/login_screen_test.dart -p vm --plain-name 'LoginScreen displays email and password fields and login button'
00:01 +0 -1: Enters text into email and password fields                                                                                                                                                00:01 +0 -1: Enters text into email and password fields                                                                                                                                                
══╡ EXCEPTION CAUGHT BY WIDGETS LIBRARY ╞═══════════════════════════════════════════════════════════
The following _TypeError was thrown building CommonLabeledInputItemWidget(dirty, dependencies:
[InheritedCupertinoTheme, _InheritedTheme, _LocalizationsScope-[GlobalKey#32af5]], state:
_CommonLabeledInputItemWidgetState#66f78):
Null check operator used on a null value

The relevant error-causing widget was:
  CommonLabeledInputItemWidget
  CommonLabeledInputItemWidget:file:///Users/mobarak/Documents/6amTech/gitHub/dayoneSoft/clean_boilerplate/lib/features/auth/presentation/widgets/login_form_widget.dart:32:13

When the exception was thrown, this was the stack:
#0      ContextExtensions.customThemeColors (package:clean_boilerplate/core/extensions/context_extensions.dart:11:82)
#1      _CommonLabeledInputItemWidgetState.build (package:clean_boilerplate/core/widgets/common_labeled_input_item_widget.dart:288:53)
#2      StatefulElement.build (package:flutter/src/widgets/framework.dart:5934:27)
#3      ComponentElement.performRebuild (package:flutter/src/widgets/framework.dart:5820:15)
#4      StatefulElement.performRebuild (package:flutter/src/widgets/framework.dart:5985:11)
#5      Element.rebuild (package:flutter/src/widgets/framework.dart:5532:7)
#6      ComponentElement._firstBuild (package:flutter/src/widgets/framework.dart:5802:5)
#7      StatefulElement._firstBuild (package:flutter/src/widgets/framework.dart:5976:11)
#8      ComponentElement.mount (package:flutter/src/widgets/framework.dart:5796:5)
#9      Element.inflateWidget (package:flutter/src/widgets/framework.dart:4590:20)
#10     MultiChildRenderObjectElement.inflateWidget (package:flutter/src/widgets/framework.dart:7269:36)
#11     MultiChildRenderObjectElement.mount (package:flutter/src/widgets/framework.dart:7285:32)
...     Normal element mounting (43 frames)
#54     SingleChildWidgetElementMixin.mount (package:nested/nested.dart:222:11)
...     Normal element mounting (41 frames)
#95     Element.inflateWidget (package:flutter/src/widgets/framework.dart:4590:20)
#96     MultiChildRenderObjectElement.inflateWidget (package:flutter/src/widgets/framework.dart:7269:36)
#97     MultiChildRenderObjectElement.mount (package:flutter/src/widgets/framework.dart:7285:32)
...     Normal element mounting (119 frames)
#216    _InheritedProviderScopeElement.mount (package:provider/src/inherited_provider.dart:424:11)
...     Normal element mounting (7 frames)
#223    SingleChildWidgetElementMixin.mount (package:nested/nested.dart:222:11)
...     Normal element mounting (7 frames)
#230    SingleChildWidgetElementMixin.mount (package:nested/nested.dart:222:11)
...     Normal element mounting (260 frames)
#490    Element.inflateWidget (package:flutter/src/widgets/framework.dart:4590:20)
#491    MultiChildRenderObjectElement.inflateWidget (package:flutter/src/widgets/framework.dart:7269:36)
#492    MultiChildRenderObjectElement.mount (package:flutter/src/widgets/framework.dart:7285:32)
...     Normal element mounting (465 frames)
#957    Element.inflateWidget (package:flutter/src/widgets/framework.dart:4590:20)
#958    Element.updateChild (package:flutter/src/widgets/framework.dart:4053:20)
#959    ComponentElement.performRebuild (package:flutter/src/widgets/framework.dart:5844:16)
#960    Element.rebuild (package:flutter/src/widgets/framework.dart:5532:7)
#961    ProxyElement.update (package:flutter/src/widgets/framework.dart:6152:5)
#962    _InheritedNotifierElement.update (package:flutter/src/widgets/inherited_notifier.dart:108:11)
#963    Element.updateChild (package:flutter/src/widgets/framework.dart:4037:15)
#964    ComponentElement.performRebuild (package:flutter/src/widgets/framework.dart:5844:16)
#965    StatefulElement.performRebuild (package:flutter/src/widgets/framework.dart:5985:11)
#966    Element.rebuild (package:flutter/src/widgets/framework.dart:5532:7)
#967    StatefulElement.update (package:flutter/src/widgets/framework.dart:6010:5)
#968    Element.updateChild (package:flutter/src/widgets/framework.dart:4037:15)
#969    ComponentElement.performRebuild (package:flutter/src/widgets/framework.dart:5844:16)
#970    Element.rebuild (package:flutter/src/widgets/framework.dart:5532:7)
#971    ProxyElement.update (package:flutter/src/widgets/framework.dart:6152:5)
#972    _InheritedNotifierElement.update (package:flutter/src/widgets/inherited_notifier.dart:108:11)
#973    Element.updateChild (package:flutter/src/widgets/framework.dart:4037:15)
#974    ComponentElement.performRebuild (package:flutter/src/widgets/framework.dart:5844:16)
#975    StatefulElement.performRebuild (package:flutter/src/widgets/framework.dart:5985:11)
#976    Element.rebuild (package:flutter/src/widgets/framework.dart:5532:7)
#977    StatefulElement.update (package:flutter/src/widgets/framework.dart:6010:5)
#978    Element.updateChild (package:flutter/src/widgets/framework.dart:4037:15)
#979    ComponentElement.performRebuild (package:flutter/src/widgets/framework.dart:5844:16)
#980    StatefulElement.performRebuild (package:flutter/src/widgets/framework.dart:5985:11)
#981    Element.rebuild (package:flutter/src/widgets/framework.dart:5532:7)
#982    StatefulElement.update (package:flutter/src/widgets/framework.dart:6010:5)
#983    Element.updateChild (package:flutter/src/widgets/framework.dart:4037:15)
#984    ComponentElement.performRebuild (package:flutter/src/widgets/framework.dart:5844:16)
#985    Element.rebuild (package:flutter/src/widgets/framework.dart:5532:7)
#986    ProxyElement.update (package:flutter/src/widgets/framework.dart:6152:5)
#987    Element.updateChild (package:flutter/src/widgets/framework.dart:4037:15)
#988    ComponentElement.performRebuild (package:flutter/src/widgets/framework.dart:5844:16)
#989    StatefulElement.performRebuild (package:flutter/src/widgets/framework.dart:5985:11)
#990    Element.rebuild (package:flutter/src/widgets/framework.dart:5532:7)
#991    StatefulElement.update (package:flutter/src/widgets/framework.dart:6010:5)
#992    Element.updateChild (package:flutter/src/widgets/framework.dart:4037:15)
#993    ComponentElement.performRebuild (package:flutter/src/widgets/framework.dart:5844:16)
#994    Element.rebuild (package:flutter/src/widgets/framework.dart:5532:7)
#995    ProxyElement.update (package:flutter/src/widgets/framework.dart:6152:5)
#996    Element.updateChild (package:flutter/src/widgets/framework.dart:4037:15)
#997    ComponentElement.performRebuild (package:flutter/src/widgets/framework.dart:5844:16)
#998    Element.rebuild (package:flutter/src/widgets/framework.dart:5532:7)
#999    ProxyElement.update (package:flutter/src/widgets/framework.dart:6152:5)
#1000   Element.updateChild (package:flutter/src/widgets/framework.dart:4037:15)
#1001   _RawViewElement._updateChild (package:flutter/src/widgets/view.dart:481:16)
#1002   _RawViewElement.update (package:flutter/src/widgets/view.dart:568:5)
#1003   Element.updateChild (package:flutter/src/widgets/framework.dart:4037:15)
#1004   ComponentElement.performRebuild (package:flutter/src/widgets/framework.dart:5844:16)
#1005   Element.rebuild (package:flutter/src/widgets/framework.dart:5532:7)
#1006   StatelessElement.update (package:flutter/src/widgets/framework.dart:5898:5)
#1007   Element.updateChild (package:flutter/src/widgets/framework.dart:4037:15)
#1008   ComponentElement.performRebuild (package:flutter/src/widgets/framework.dart:5844:16)
#1009   StatefulElement.performRebuild (package:flutter/src/widgets/framework.dart:5985:11)
#1010   Element.rebuild (package:flutter/src/widgets/framework.dart:5532:7)
#1011   StatefulElement.update (package:flutter/src/widgets/framework.dart:6010:5)
#1012   Element.updateChild (package:flutter/src/widgets/framework.dart:4037:15)
#1013   RootElement._rebuild (package:flutter/src/widgets/binding.dart:1782:16)
#1014   RootElement.update (package:flutter/src/widgets/binding.dart:1760:5)
#1015   RootElement.performRebuild (package:flutter/src/widgets/binding.dart:1774:7)
#1016   Element.rebuild (package:flutter/src/widgets/framework.dart:5532:7)
#1017   BuildScope._tryRebuild (package:flutter/src/widgets/framework.dart:2750:15)
#1018   BuildScope._flushDirtyElements (package:flutter/src/widgets/framework.dart:2807:11)
#1019   BuildOwner.buildScope (package:flutter/src/widgets/framework.dart:3111:18)
#1020   AutomatedTestWidgetsFlutterBinding.drawFrame (package:flutter_test/src/binding.dart:1506:19)
#1021   RendererBinding._handlePersistentFrameCallback (package:flutter/src/rendering/binding.dart:495:5)
#1022   SchedulerBinding._invokeFrameCallback (package:flutter/src/scheduler/binding.dart:1434:15)
#1023   SchedulerBinding.handleDrawFrame (package:flutter/src/scheduler/binding.dart:1347:9)
#1024   AutomatedTestWidgetsFlutterBinding.pump.<anonymous closure> (package:flutter_test/src/binding.dart:1335:9)
#1027   TestAsyncUtils.guard (package:flutter_test/src/test_async_utils.dart:74:41)
#1028   AutomatedTestWidgetsFlutterBinding.pump (package:flutter_test/src/binding.dart:1324:27)
#1029   WidgetTester.pumpWidget.<anonymous closure> (package:flutter_test/src/widget_tester.dart:598:22)
#1032   TestAsyncUtils.guard (package:flutter_test/src/test_async_utils.dart:74:41)
#1033   WidgetTester.pumpWidget (package:flutter_test/src/widget_tester.dart:595:27)
#1034   main.<anonymous closure> (file:///Users/mobarak/Documents/6amTech/gitHub/dayoneSoft/clean_boilerplate/test/features/auth/presentation/screens/login_screen_test.dart:59:18)
#1035   testWidgets.<anonymous closure>.<anonymous closure> (package:flutter_test/src/widget_tester.dart:192:29)
<asynchronous suspension>
#1036   TestWidgetsFlutterBinding._runTestBody (package:flutter_test/src/binding.dart:1059:5)
<asynchronous suspension>
<asynchronous suspension>
(elided 5 frames from dart:async and package:stack_trace)

════════════════════════════════════════════════════════════════════════════════════════════════════
══╡ EXCEPTION CAUGHT BY WIDGETS LIBRARY ╞═══════════════════════════════════════════════════════════
The following _TypeError was thrown building CommonLabeledInputItemWidget(dirty, dependencies:
[InheritedCupertinoTheme, _InheritedTheme, _LocalizationsScope-[GlobalKey#32af5]], state:
_CommonLabeledInputItemWidgetState#1f05d):
Null check operator used on a null value

The relevant error-causing widget was:
  CommonLabeledInputItemWidget
  CommonLabeledInputItemWidget:file:///Users/mobarak/Documents/6amTech/gitHub/dayoneSoft/clean_boilerplate/lib/features/auth/presentation/widgets/login_form_widget.dart:42:13

When the exception was thrown, this was the stack:
#0      ContextExtensions.customThemeColors (package:clean_boilerplate/core/extensions/context_extensions.dart:11:82)
#1      _CommonLabeledInputItemWidgetState.build (package:clean_boilerplate/core/widgets/common_labeled_input_item_widget.dart:288:53)
#2      StatefulElement.build (package:flutter/src/widgets/framework.dart:5934:27)
#3      ComponentElement.performRebuild (package:flutter/src/widgets/framework.dart:5820:15)
#4      StatefulElement.performRebuild (package:flutter/src/widgets/framework.dart:5985:11)
#5      Element.rebuild (package:flutter/src/widgets/framework.dart:5532:7)
#6      ComponentElement._firstBuild (package:flutter/src/widgets/framework.dart:5802:5)
#7      StatefulElement._firstBuild (package:flutter/src/widgets/framework.dart:5976:11)
#8      ComponentElement.mount (package:flutter/src/widgets/framework.dart:5796:5)
#9      Element.inflateWidget (package:flutter/src/widgets/framework.dart:4590:20)
#10     MultiChildRenderObjectElement.inflateWidget (package:flutter/src/widgets/framework.dart:7269:36)
#11     MultiChildRenderObjectElement.mount (package:flutter/src/widgets/framework.dart:7285:32)
...     Normal element mounting (43 frames)
#54     SingleChildWidgetElementMixin.mount (package:nested/nested.dart:222:11)
...     Normal element mounting (41 frames)
#95     Element.inflateWidget (package:flutter/src/widgets/framework.dart:4590:20)
#96     MultiChildRenderObjectElement.inflateWidget (package:flutter/src/widgets/framework.dart:7269:36)
#97     MultiChildRenderObjectElement.mount (package:flutter/src/widgets/framework.dart:7285:32)
...     Normal element mounting (119 frames)
#216    _InheritedProviderScopeElement.mount (package:provider/src/inherited_provider.dart:424:11)
...     Normal element mounting (7 frames)
#223    SingleChildWidgetElementMixin.mount (package:nested/nested.dart:222:11)
...     Normal element mounting (7 frames)
#230    SingleChildWidgetElementMixin.mount (package:nested/nested.dart:222:11)
...     Normal element mounting (260 frames)
#490    Element.inflateWidget (package:flutter/src/widgets/framework.dart:4590:20)
#491    MultiChildRenderObjectElement.inflateWidget (package:flutter/src/widgets/framework.dart:7269:36)
#492    MultiChildRenderObjectElement.mount (package:flutter/src/widgets/framework.dart:7285:32)
...     Normal element mounting (465 frames)
#957    Element.inflateWidget (package:flutter/src/widgets/framework.dart:4590:20)
#958    Element.updateChild (package:flutter/src/widgets/framework.dart:4053:20)
#959    ComponentElement.performRebuild (package:flutter/src/widgets/framework.dart:5844:16)
#960    Element.rebuild (package:flutter/src/widgets/framework.dart:5532:7)
#961    ProxyElement.update (package:flutter/src/widgets/framework.dart:6152:5)
#962    _InheritedNotifierElement.update (package:flutter/src/widgets/inherited_notifier.dart:108:11)
#963    Element.updateChild (package:flutter/src/widgets/framework.dart:4037:15)
#964    ComponentElement.performRebuild (package:flutter/src/widgets/framework.dart:5844:16)
#965    StatefulElement.performRebuild (package:flutter/src/widgets/framework.dart:5985:11)
#966    Element.rebuild (package:flutter/src/widgets/framework.dart:5532:7)
#967    StatefulElement.update (package:flutter/src/widgets/framework.dart:6010:5)
#968    Element.updateChild (package:flutter/src/widgets/framework.dart:4037:15)
#969    ComponentElement.performRebuild (package:flutter/src/widgets/framework.dart:5844:16)
#970    Element.rebuild (package:flutter/src/widgets/framework.dart:5532:7)
#971    ProxyElement.update (package:flutter/src/widgets/framework.dart:6152:5)
#972    _InheritedNotifierElement.update (package:flutter/src/widgets/inherited_notifier.dart:108:11)
#973    Element.updateChild (package:flutter/src/widgets/framework.dart:4037:15)
#974    ComponentElement.performRebuild (package:flutter/src/widgets/framework.dart:5844:16)
#975    StatefulElement.performRebuild (package:flutter/src/widgets/framework.dart:5985:11)
#976    Element.rebuild (package:flutter/src/widgets/framework.dart:5532:7)
#977    StatefulElement.update (package:flutter/src/widgets/framework.dart:6010:5)
#978    Element.updateChild (package:flutter/src/widgets/framework.dart:4037:15)
#979    ComponentElement.performRebuild (package:flutter/src/widgets/framework.dart:5844:16)
#980    StatefulElement.performRebuild (package:flutter/src/widgets/framework.dart:5985:11)
#981    Element.rebuild (package:flutter/src/widgets/framework.dart:5532:7)
#982    StatefulElement.update (package:flutter/src/widgets/framework.dart:6010:5)
#983    Element.updateChild (package:flutter/src/widgets/framework.dart:4037:15)
#984    ComponentElement.performRebuild (package:flutter/src/widgets/framework.dart:5844:16)
#985    Element.rebuild (package:flutter/src/widgets/framework.dart:5532:7)
#986    ProxyElement.update (package:flutter/src/widgets/framework.dart:6152:5)
#987    Element.updateChild (package:flutter/src/widgets/framework.dart:4037:15)
#988    ComponentElement.performRebuild (package:flutter/src/widgets/framework.dart:5844:16)
#989    StatefulElement.performRebuild (package:flutter/src/widgets/framework.dart:5985:11)
#990    Element.rebuild (package:flutter/src/widgets/framework.dart:5532:7)
#991    StatefulElement.update (package:flutter/src/widgets/framework.dart:6010:5)
#992    Element.updateChild (package:flutter/src/widgets/framework.dart:4037:15)
#993    ComponentElement.performRebuild (package:flutter/src/widgets/framework.dart:5844:16)
#994    Element.rebuild (package:flutter/src/widgets/framework.dart:5532:7)
#995    ProxyElement.update (package:flutter/src/widgets/framework.dart:6152:5)
#996    Element.updateChild (package:flutter/src/widgets/framework.dart:4037:15)
#997    ComponentElement.performRebuild (package:flutter/src/widgets/framework.dart:5844:16)
#998    Element.rebuild (package:flutter/src/widgets/framework.dart:5532:7)
#999    ProxyElement.update (package:flutter/src/widgets/framework.dart:6152:5)
#1000   Element.updateChild (package:flutter/src/widgets/framework.dart:4037:15)
#1001   _RawViewElement._updateChild (package:flutter/src/widgets/view.dart:481:16)
#1002   _RawViewElement.update (package:flutter/src/widgets/view.dart:568:5)
#1003   Element.updateChild (package:flutter/src/widgets/framework.dart:4037:15)
#1004   ComponentElement.performRebuild (package:flutter/src/widgets/framework.dart:5844:16)
#1005   Element.rebuild (package:flutter/src/widgets/framework.dart:5532:7)
#1006   StatelessElement.update (package:flutter/src/widgets/framework.dart:5898:5)
#1007   Element.updateChild (package:flutter/src/widgets/framework.dart:4037:15)
#1008   ComponentElement.performRebuild (package:flutter/src/widgets/framework.dart:5844:16)
#1009   StatefulElement.performRebuild (package:flutter/src/widgets/framework.dart:5985:11)
#1010   Element.rebuild (package:flutter/src/widgets/framework.dart:5532:7)
#1011   StatefulElement.update (package:flutter/src/widgets/framework.dart:6010:5)
#1012   Element.updateChild (package:flutter/src/widgets/framework.dart:4037:15)
#1013   RootElement._rebuild (package:flutter/src/widgets/binding.dart:1782:16)
#1014   RootElement.update (package:flutter/src/widgets/binding.dart:1760:5)
#1015   RootElement.performRebuild (package:flutter/src/widgets/binding.dart:1774:7)
#1016   Element.rebuild (package:flutter/src/widgets/framework.dart:5532:7)
#1017   BuildScope._tryRebuild (package:flutter/src/widgets/framework.dart:2750:15)
#1018   BuildScope._flushDirtyElements (package:flutter/src/widgets/framework.dart:2807:11)
#1019   BuildOwner.buildScope (package:flutter/src/widgets/framework.dart:3111:18)
#1020   AutomatedTestWidgetsFlutterBinding.drawFrame (package:flutter_test/src/binding.dart:1506:19)
#1021   RendererBinding._handlePersistentFrameCallback (package:flutter/src/rendering/binding.dart:495:5)
#1022   SchedulerBinding._invokeFrameCallback (package:flutter/src/scheduler/binding.dart:1434:15)
#1023   SchedulerBinding.handleDrawFrame (package:flutter/src/scheduler/binding.dart:1347:9)
#1024   AutomatedTestWidgetsFlutterBinding.pump.<anonymous closure> (package:flutter_test/src/binding.dart:1335:9)
#1027   TestAsyncUtils.guard (package:flutter_test/src/test_async_utils.dart:74:41)
#1028   AutomatedTestWidgetsFlutterBinding.pump (package:flutter_test/src/binding.dart:1324:27)
#1029   WidgetTester.pumpWidget.<anonymous closure> (package:flutter_test/src/widget_tester.dart:598:22)
#1032   TestAsyncUtils.guard (package:flutter_test/src/test_async_utils.dart:74:41)
#1033   WidgetTester.pumpWidget (package:flutter_test/src/widget_tester.dart:595:27)
#1034   main.<anonymous closure> (file:///Users/mobarak/Documents/6amTech/gitHub/dayoneSoft/clean_boilerplate/test/features/auth/presentation/screens/login_screen_test.dart:59:18)
#1035   testWidgets.<anonymous closure>.<anonymous closure> (package:flutter_test/src/widget_tester.dart:192:29)
<asynchronous suspension>
#1036   TestWidgetsFlutterBinding._runTestBody (package:flutter_test/src/binding.dart:1059:5)
<asynchronous suspension>
<asynchronous suspension>
(elided 5 frames from dart:async and package:stack_trace)

════════════════════════════════════════════════════════════════════════════════════════════════════
══╡ EXCEPTION CAUGHT BY RENDERING LIBRARY ╞═════════════════════════════════════════════════════════
The following assertion was thrown during layout:
A RenderFlex overflowed by 199576 pixels on the bottom.

The relevant error-causing widget was:
  Column
  Column:file:///Users/mobarak/Documents/6amTech/gitHub/dayoneSoft/clean_boilerplate/lib/features/auth/presentation/widgets/login_form_widget.dart:28:16

The overflowing RenderFlex has an orientation of Axis.vertical.
The edge of the RenderFlex that is overflowing has been marked in the rendering with a yellow and
black striped pattern. This is usually caused by the contents being too big for the RenderFlex.
Consider applying a flex factor (e.g. using an Expanded widget) to force the children of the
RenderFlex to fit within the available space instead of being sized to their natural size.
This is considered an error condition because it indicates that there is content that cannot be
seen. If the content is legitimately bigger than the available space, consider clipping it with a
ClipRect widget before putting it in the flex, or using a scrollable container rather than a Flex,
like a ListView.
The specific RenderFlex in question is: RenderFlex#30dc8 relayoutBoundary=up3 OVERFLOWING:
  creator: Column ← _FormScope ← WillPopScope ← Semantics ← Form-[LabeledGlobalKey<FormState>#8a754] ←
    Padding ← LoginFormWidget ← BlocListener<AuthBloc, AuthState> ← BlocBuilder<AuthBloc, AuthState> ←
    BlocConsumer<AuthBloc, AuthState> ← KeyedSubtree-[GlobalKey#3b774] ← _BodyBuilder ← ⋯
  parentData: <none> (can use size)
  constraints: BoxConstraints(0.0<=w<=768.0, 0.0<=h<=512.0)
  size: Size(768.0, 512.0)
  direction: vertical
  mainAxisAlignment: center
  mainAxisSize: max
  crossAxisAlignment: center
  verticalDirection: down
  spacing: 0.0
◢◤◢◤◢◤◢◤◢◤◢◤◢◤◢◤◢◤◢◤◢◤◢◤◢◤◢◤◢◤◢◤◢◤◢◤◢◤◢◤◢◤◢◤◢◤◢◤◢◤◢◤◢◤◢◤◢◤◢◤◢◤◢◤◢◤◢◤◢◤◢◤◢◤◢◤◢◤◢◤◢◤◢◤◢◤◢◤◢◤◢◤◢◤◢◤◢◤◢◤
════════════════════════════════════════════════════════════════════════════════════════════════════
══╡ EXCEPTION CAUGHT BY FLUTTER TEST FRAMEWORK ╞════════════════════════════════════════════════════
The following StateError was thrown running a test:
Bad state: No element

When the exception was thrown, this was the stack:
#0      Iterable.single (dart:core/iterable.dart:694:25)
#1      WidgetController.state (package:flutter_test/src/controller.dart:912:42)
#2      WidgetTester.showKeyboard.<anonymous closure> (package:flutter_test/src/widget_tester.dart:1125:42)
#5      TestAsyncUtils.guard (package:flutter_test/src/test_async_utils.dart:74:41)
#6      WidgetTester.showKeyboard (package:flutter_test/src/widget_tester.dart:1124:27)
#7      WidgetTester.enterText.<anonymous closure> (package:flutter_test/src/widget_tester.dart:1160:13)
#10     TestAsyncUtils.guard (package:flutter_test/src/test_async_utils.dart:74:41)
#11     WidgetTester.enterText (package:flutter_test/src/widget_tester.dart:1159:27)
#12     main.<anonymous closure> (file:///Users/mobarak/Documents/6amTech/gitHub/dayoneSoft/clean_boilerplate/test/features/auth/presentation/screens/login_screen_test.dart:61:18)
<asynchronous suspension>
#13     testWidgets.<anonymous closure>.<anonymous closure> (package:flutter_test/src/widget_tester.dart:192:15)
<asynchronous suspension>
#14     TestWidgetsFlutterBinding._runTestBody (package:flutter_test/src/binding.dart:1059:5)
<asynchronous suspension>
<asynchronous suspension>
(elided 5 frames from dart:async and package:stack_trace)

The test description was:
  Enters text into email and password fields
════════════════════════════════════════════════════════════════════════════════════════════════════
══╡ EXCEPTION CAUGHT BY FLUTTER TEST FRAMEWORK ╞════════════════════════════════════════════════════
The following message was thrown:
Multiple exceptions (4) were detected during the running of the current test, and at least one was
unexpected.
════════════════════════════════════════════════════════════════════════════════════════════════════
00:01 +0 -2: Enters text into email and password fields [E]                                                                                                                                            
  Test failed. See exception logs above.
  The test description was: Enters text into email and password fields
  

To run this test again: /Users/mobarak/Documents/development/all/latest/bin/cache/dart-sdk/bin/dart test /Users/mobarak/Documents/6amTech/gitHub/dayoneSoft/clean_boilerplate/test/features/auth/presentation/screens/login_screen_test.dart -p vm --plain-name 'Enters text into email and password fields'
00:01 +0 -2: Tapping login button adds LoginRequested event                                                                                                                                            00:01 +0 -2: Tapping login button adds LoginRequested event                                                                                                                                            
══╡ EXCEPTION CAUGHT BY WIDGETS LIBRARY ╞═══════════════════════════════════════════════════════════
The following _TypeError was thrown building CommonLabeledInputItemWidget(dirty, dependencies:
[InheritedCupertinoTheme, _InheritedTheme, _LocalizationsScope-[GlobalKey#24737]], state:
_CommonLabeledInputItemWidgetState#7af93):
Null check operator used on a null value

The relevant error-causing widget was:
  CommonLabeledInputItemWidget
  CommonLabeledInputItemWidget:file:///Users/mobarak/Documents/6amTech/gitHub/dayoneSoft/clean_boilerplate/lib/features/auth/presentation/widgets/login_form_widget.dart:32:13

When the exception was thrown, this was the stack:
#0      ContextExtensions.customThemeColors (package:clean_boilerplate/core/extensions/context_extensions.dart:11:82)
#1      _CommonLabeledInputItemWidgetState.build (package:clean_boilerplate/core/widgets/common_labeled_input_item_widget.dart:288:53)
#2      StatefulElement.build (package:flutter/src/widgets/framework.dart:5934:27)
#3      ComponentElement.performRebuild (package:flutter/src/widgets/framework.dart:5820:15)
#4      StatefulElement.performRebuild (package:flutter/src/widgets/framework.dart:5985:11)
#5      Element.rebuild (package:flutter/src/widgets/framework.dart:5532:7)
#6      ComponentElement._firstBuild (package:flutter/src/widgets/framework.dart:5802:5)
#7      StatefulElement._firstBuild (package:flutter/src/widgets/framework.dart:5976:11)
#8      ComponentElement.mount (package:flutter/src/widgets/framework.dart:5796:5)
#9      Element.inflateWidget (package:flutter/src/widgets/framework.dart:4590:20)
#10     MultiChildRenderObjectElement.inflateWidget (package:flutter/src/widgets/framework.dart:7269:36)
#11     MultiChildRenderObjectElement.mount (package:flutter/src/widgets/framework.dart:7285:32)
...     Normal element mounting (43 frames)
#54     SingleChildWidgetElementMixin.mount (package:nested/nested.dart:222:11)
...     Normal element mounting (41 frames)
#95     Element.inflateWidget (package:flutter/src/widgets/framework.dart:4590:20)
#96     MultiChildRenderObjectElement.inflateWidget (package:flutter/src/widgets/framework.dart:7269:36)
#97     MultiChildRenderObjectElement.mount (package:flutter/src/widgets/framework.dart:7285:32)
...     Normal element mounting (119 frames)
#216    _InheritedProviderScopeElement.mount (package:provider/src/inherited_provider.dart:424:11)
...     Normal element mounting (7 frames)
#223    SingleChildWidgetElementMixin.mount (package:nested/nested.dart:222:11)
...     Normal element mounting (7 frames)
#230    SingleChildWidgetElementMixin.mount (package:nested/nested.dart:222:11)
...     Normal element mounting (260 frames)
#490    Element.inflateWidget (package:flutter/src/widgets/framework.dart:4590:20)
#491    MultiChildRenderObjectElement.inflateWidget (package:flutter/src/widgets/framework.dart:7269:36)
#492    MultiChildRenderObjectElement.mount (package:flutter/src/widgets/framework.dart:7285:32)
...     Normal element mounting (465 frames)
#957    Element.inflateWidget (package:flutter/src/widgets/framework.dart:4590:20)
#958    Element.updateChild (package:flutter/src/widgets/framework.dart:4053:20)
#959    ComponentElement.performRebuild (package:flutter/src/widgets/framework.dart:5844:16)
#960    Element.rebuild (package:flutter/src/widgets/framework.dart:5532:7)
#961    ProxyElement.update (package:flutter/src/widgets/framework.dart:6152:5)
#962    _InheritedNotifierElement.update (package:flutter/src/widgets/inherited_notifier.dart:108:11)
#963    Element.updateChild (package:flutter/src/widgets/framework.dart:4037:15)
#964    ComponentElement.performRebuild (package:flutter/src/widgets/framework.dart:5844:16)
#965    StatefulElement.performRebuild (package:flutter/src/widgets/framework.dart:5985:11)
#966    Element.rebuild (package:flutter/src/widgets/framework.dart:5532:7)
#967    StatefulElement.update (package:flutter/src/widgets/framework.dart:6010:5)
#968    Element.updateChild (package:flutter/src/widgets/framework.dart:4037:15)
#969    ComponentElement.performRebuild (package:flutter/src/widgets/framework.dart:5844:16)
#970    Element.rebuild (package:flutter/src/widgets/framework.dart:5532:7)
#971    ProxyElement.update (package:flutter/src/widgets/framework.dart:6152:5)
#972    _InheritedNotifierElement.update (package:flutter/src/widgets/inherited_notifier.dart:108:11)
#973    Element.updateChild (package:flutter/src/widgets/framework.dart:4037:15)
#974    ComponentElement.performRebuild (package:flutter/src/widgets/framework.dart:5844:16)
#975    StatefulElement.performRebuild (package:flutter/src/widgets/framework.dart:5985:11)
#976    Element.rebuild (package:flutter/src/widgets/framework.dart:5532:7)
#977    StatefulElement.update (package:flutter/src/widgets/framework.dart:6010:5)
#978    Element.updateChild (package:flutter/src/widgets/framework.dart:4037:15)
#979    ComponentElement.performRebuild (package:flutter/src/widgets/framework.dart:5844:16)
#980    StatefulElement.performRebuild (package:flutter/src/widgets/framework.dart:5985:11)
#981    Element.rebuild (package:flutter/src/widgets/framework.dart:5532:7)
#982    StatefulElement.update (package:flutter/src/widgets/framework.dart:6010:5)
#983    Element.updateChild (package:flutter/src/widgets/framework.dart:4037:15)
#984    ComponentElement.performRebuild (package:flutter/src/widgets/framework.dart:5844:16)
#985    Element.rebuild (package:flutter/src/widgets/framework.dart:5532:7)
#986    ProxyElement.update (package:flutter/src/widgets/framework.dart:6152:5)
#987    Element.updateChild (package:flutter/src/widgets/framework.dart:4037:15)
#988    ComponentElement.performRebuild (package:flutter/src/widgets/framework.dart:5844:16)
#989    StatefulElement.performRebuild (package:flutter/src/widgets/framework.dart:5985:11)
#990    Element.rebuild (package:flutter/src/widgets/framework.dart:5532:7)
#991    StatefulElement.update (package:flutter/src/widgets/framework.dart:6010:5)
#992    Element.updateChild (package:flutter/src/widgets/framework.dart:4037:15)
#993    ComponentElement.performRebuild (package:flutter/src/widgets/framework.dart:5844:16)
#994    Element.rebuild (package:flutter/src/widgets/framework.dart:5532:7)
#995    ProxyElement.update (package:flutter/src/widgets/framework.dart:6152:5)
#996    Element.updateChild (package:flutter/src/widgets/framework.dart:4037:15)
#997    ComponentElement.performRebuild (package:flutter/src/widgets/framework.dart:5844:16)
#998    Element.rebuild (package:flutter/src/widgets/framework.dart:5532:7)
#999    ProxyElement.update (package:flutter/src/widgets/framework.dart:6152:5)
#1000   Element.updateChild (package:flutter/src/widgets/framework.dart:4037:15)
#1001   _RawViewElement._updateChild (package:flutter/src/widgets/view.dart:481:16)
#1002   _RawViewElement.update (package:flutter/src/widgets/view.dart:568:5)
#1003   Element.updateChild (package:flutter/src/widgets/framework.dart:4037:15)
#1004   ComponentElement.performRebuild (package:flutter/src/widgets/framework.dart:5844:16)
#1005   Element.rebuild (package:flutter/src/widgets/framework.dart:5532:7)
#1006   StatelessElement.update (package:flutter/src/widgets/framework.dart:5898:5)
#1007   Element.updateChild (package:flutter/src/widgets/framework.dart:4037:15)
#1008   ComponentElement.performRebuild (package:flutter/src/widgets/framework.dart:5844:16)
#1009   StatefulElement.performRebuild (package:flutter/src/widgets/framework.dart:5985:11)
#1010   Element.rebuild (package:flutter/src/widgets/framework.dart:5532:7)
#1011   StatefulElement.update (package:flutter/src/widgets/framework.dart:6010:5)
#1012   Element.updateChild (package:flutter/src/widgets/framework.dart:4037:15)
#1013   RootElement._rebuild (package:flutter/src/widgets/binding.dart:1782:16)
#1014   RootElement.update (package:flutter/src/widgets/binding.dart:1760:5)
#1015   RootElement.performRebuild (package:flutter/src/widgets/binding.dart:1774:7)
#1016   Element.rebuild (package:flutter/src/widgets/framework.dart:5532:7)
#1017   BuildScope._tryRebuild (package:flutter/src/widgets/framework.dart:2750:15)
#1018   BuildScope._flushDirtyElements (package:flutter/src/widgets/framework.dart:2807:11)
#1019   BuildOwner.buildScope (package:flutter/src/widgets/framework.dart:3111:18)
#1020   AutomatedTestWidgetsFlutterBinding.drawFrame (package:flutter_test/src/binding.dart:1506:19)
#1021   RendererBinding._handlePersistentFrameCallback (package:flutter/src/rendering/binding.dart:495:5)
#1022   SchedulerBinding._invokeFrameCallback (package:flutter/src/scheduler/binding.dart:1434:15)
#1023   SchedulerBinding.handleDrawFrame (package:flutter/src/scheduler/binding.dart:1347:9)
#1024   AutomatedTestWidgetsFlutterBinding.pump.<anonymous closure> (package:flutter_test/src/binding.dart:1335:9)
#1027   TestAsyncUtils.guard (package:flutter_test/src/test_async_utils.dart:74:41)
#1028   AutomatedTestWidgetsFlutterBinding.pump (package:flutter_test/src/binding.dart:1324:27)
#1029   WidgetTester.pumpWidget.<anonymous closure> (package:flutter_test/src/widget_tester.dart:598:22)
#1032   TestAsyncUtils.guard (package:flutter_test/src/test_async_utils.dart:74:41)
#1033   WidgetTester.pumpWidget (package:flutter_test/src/widget_tester.dart:595:27)
#1034   main.<anonymous closure> (file:///Users/mobarak/Documents/6amTech/gitHub/dayoneSoft/clean_boilerplate/test/features/auth/presentation/screens/login_screen_test.dart:72:18)
#1035   testWidgets.<anonymous closure>.<anonymous closure> (package:flutter_test/src/widget_tester.dart:192:29)
<asynchronous suspension>
#1036   TestWidgetsFlutterBinding._runTestBody (package:flutter_test/src/binding.dart:1059:5)
<asynchronous suspension>
<asynchronous suspension>
(elided 5 frames from dart:async and package:stack_trace)

════════════════════════════════════════════════════════════════════════════════════════════════════
══╡ EXCEPTION CAUGHT BY WIDGETS LIBRARY ╞═══════════════════════════════════════════════════════════
The following _TypeError was thrown building CommonLabeledInputItemWidget(dirty, dependencies:
[InheritedCupertinoTheme, _InheritedTheme, _LocalizationsScope-[GlobalKey#24737]], state:
_CommonLabeledInputItemWidgetState#d01b7):
Null check operator used on a null value

The relevant error-causing widget was:
  CommonLabeledInputItemWidget
  CommonLabeledInputItemWidget:file:///Users/mobarak/Documents/6amTech/gitHub/dayoneSoft/clean_boilerplate/lib/features/auth/presentation/widgets/login_form_widget.dart:42:13

When the exception was thrown, this was the stack:
#0      ContextExtensions.customThemeColors (package:clean_boilerplate/core/extensions/context_extensions.dart:11:82)
#1      _CommonLabeledInputItemWidgetState.build (package:clean_boilerplate/core/widgets/common_labeled_input_item_widget.dart:288:53)
#2      StatefulElement.build (package:flutter/src/widgets/framework.dart:5934:27)
#3      ComponentElement.performRebuild (package:flutter/src/widgets/framework.dart:5820:15)
#4      StatefulElement.performRebuild (package:flutter/src/widgets/framework.dart:5985:11)
#5      Element.rebuild (package:flutter/src/widgets/framework.dart:5532:7)
#6      ComponentElement._firstBuild (package:flutter/src/widgets/framework.dart:5802:5)
#7      StatefulElement._firstBuild (package:flutter/src/widgets/framework.dart:5976:11)
#8      ComponentElement.mount (package:flutter/src/widgets/framework.dart:5796:5)
#9      Element.inflateWidget (package:flutter/src/widgets/framework.dart:4590:20)
#10     MultiChildRenderObjectElement.inflateWidget (package:flutter/src/widgets/framework.dart:7269:36)
#11     MultiChildRenderObjectElement.mount (package:flutter/src/widgets/framework.dart:7285:32)
...     Normal element mounting (43 frames)
#54     SingleChildWidgetElementMixin.mount (package:nested/nested.dart:222:11)
...     Normal element mounting (41 frames)
#95     Element.inflateWidget (package:flutter/src/widgets/framework.dart:4590:20)
#96     MultiChildRenderObjectElement.inflateWidget (package:flutter/src/widgets/framework.dart:7269:36)
#97     MultiChildRenderObjectElement.mount (package:flutter/src/widgets/framework.dart:7285:32)
...     Normal element mounting (119 frames)
#216    _InheritedProviderScopeElement.mount (package:provider/src/inherited_provider.dart:424:11)
...     Normal element mounting (7 frames)
#223    SingleChildWidgetElementMixin.mount (package:nested/nested.dart:222:11)
...     Normal element mounting (7 frames)
#230    SingleChildWidgetElementMixin.mount (package:nested/nested.dart:222:11)
...     Normal element mounting (260 frames)
#490    Element.inflateWidget (package:flutter/src/widgets/framework.dart:4590:20)
#491    MultiChildRenderObjectElement.inflateWidget (package:flutter/src/widgets/framework.dart:7269:36)
#492    MultiChildRenderObjectElement.mount (package:flutter/src/widgets/framework.dart:7285:32)
...     Normal element mounting (465 frames)
#957    Element.inflateWidget (package:flutter/src/widgets/framework.dart:4590:20)
#958    Element.updateChild (package:flutter/src/widgets/framework.dart:4053:20)
#959    ComponentElement.performRebuild (package:flutter/src/widgets/framework.dart:5844:16)
#960    Element.rebuild (package:flutter/src/widgets/framework.dart:5532:7)
#961    ProxyElement.update (package:flutter/src/widgets/framework.dart:6152:5)
#962    _InheritedNotifierElement.update (package:flutter/src/widgets/inherited_notifier.dart:108:11)
#963    Element.updateChild (package:flutter/src/widgets/framework.dart:4037:15)
#964    ComponentElement.performRebuild (package:flutter/src/widgets/framework.dart:5844:16)
#965    StatefulElement.performRebuild (package:flutter/src/widgets/framework.dart:5985:11)
#966    Element.rebuild (package:flutter/src/widgets/framework.dart:5532:7)
#967    StatefulElement.update (package:flutter/src/widgets/framework.dart:6010:5)
#968    Element.updateChild (package:flutter/src/widgets/framework.dart:4037:15)
#969    ComponentElement.performRebuild (package:flutter/src/widgets/framework.dart:5844:16)
#970    Element.rebuild (package:flutter/src/widgets/framework.dart:5532:7)
#971    ProxyElement.update (package:flutter/src/widgets/framework.dart:6152:5)
#972    _InheritedNotifierElement.update (package:flutter/src/widgets/inherited_notifier.dart:108:11)
#973    Element.updateChild (package:flutter/src/widgets/framework.dart:4037:15)
#974    ComponentElement.performRebuild (package:flutter/src/widgets/framework.dart:5844:16)
#975    StatefulElement.performRebuild (package:flutter/src/widgets/framework.dart:5985:11)
#976    Element.rebuild (package:flutter/src/widgets/framework.dart:5532:7)
#977    StatefulElement.update (package:flutter/src/widgets/framework.dart:6010:5)
#978    Element.updateChild (package:flutter/src/widgets/framework.dart:4037:15)
#979    ComponentElement.performRebuild (package:flutter/src/widgets/framework.dart:5844:16)
#980    StatefulElement.performRebuild (package:flutter/src/widgets/framework.dart:5985:11)
#981    Element.rebuild (package:flutter/src/widgets/framework.dart:5532:7)
#982    StatefulElement.update (package:flutter/src/widgets/framework.dart:6010:5)
#983    Element.updateChild (package:flutter/src/widgets/framework.dart:4037:15)
#984    ComponentElement.performRebuild (package:flutter/src/widgets/framework.dart:5844:16)
#985    Element.rebuild (package:flutter/src/widgets/framework.dart:5532:7)
#986    ProxyElement.update (package:flutter/src/widgets/framework.dart:6152:5)
#987    Element.updateChild (package:flutter/src/widgets/framework.dart:4037:15)
#988    ComponentElement.performRebuild (package:flutter/src/widgets/framework.dart:5844:16)
#989    StatefulElement.performRebuild (package:flutter/src/widgets/framework.dart:5985:11)
#990    Element.rebuild (package:flutter/src/widgets/framework.dart:5532:7)
#991    StatefulElement.update (package:flutter/src/widgets/framework.dart:6010:5)
#992    Element.updateChild (package:flutter/src/widgets/framework.dart:4037:15)
#993    ComponentElement.performRebuild (package:flutter/src/widgets/framework.dart:5844:16)
#994    Element.rebuild (package:flutter/src/widgets/framework.dart:5532:7)
#995    ProxyElement.update (package:flutter/src/widgets/framework.dart:6152:5)
#996    Element.updateChild (package:flutter/src/widgets/framework.dart:4037:15)
#997    ComponentElement.performRebuild (package:flutter/src/widgets/framework.dart:5844:16)
#998    Element.rebuild (package:flutter/src/widgets/framework.dart:5532:7)
#999    ProxyElement.update (package:flutter/src/widgets/framework.dart:6152:5)
#1000   Element.updateChild (package:flutter/src/widgets/framework.dart:4037:15)
#1001   _RawViewElement._updateChild (package:flutter/src/widgets/view.dart:481:16)
#1002   _RawViewElement.update (package:flutter/src/widgets/view.dart:568:5)
#1003   Element.updateChild (package:flutter/src/widgets/framework.dart:4037:15)
#1004   ComponentElement.performRebuild (package:flutter/src/widgets/framework.dart:5844:16)
#1005   Element.rebuild (package:flutter/src/widgets/framework.dart:5532:7)
#1006   StatelessElement.update (package:flutter/src/widgets/framework.dart:5898:5)
#1007   Element.updateChild (package:flutter/src/widgets/framework.dart:4037:15)
#1008   ComponentElement.performRebuild (package:flutter/src/widgets/framework.dart:5844:16)
#1009   StatefulElement.performRebuild (package:flutter/src/widgets/framework.dart:5985:11)
#1010   Element.rebuild (package:flutter/src/widgets/framework.dart:5532:7)
#1011   StatefulElement.update (package:flutter/src/widgets/framework.dart:6010:5)
#1012   Element.updateChild (package:flutter/src/widgets/framework.dart:4037:15)
#1013   RootElement._rebuild (package:flutter/src/widgets/binding.dart:1782:16)
#1014   RootElement.update (package:flutter/src/widgets/binding.dart:1760:5)
#1015   RootElement.performRebuild (package:flutter/src/widgets/binding.dart:1774:7)
#1016   Element.rebuild (package:flutter/src/widgets/framework.dart:5532:7)
#1017   BuildScope._tryRebuild (package:flutter/src/widgets/framework.dart:2750:15)
#1018   BuildScope._flushDirtyElements (package:flutter/src/widgets/framework.dart:2807:11)
#1019   BuildOwner.buildScope (package:flutter/src/widgets/framework.dart:3111:18)
#1020   AutomatedTestWidgetsFlutterBinding.drawFrame (package:flutter_test/src/binding.dart:1506:19)
#1021   RendererBinding._handlePersistentFrameCallback (package:flutter/src/rendering/binding.dart:495:5)
#1022   SchedulerBinding._invokeFrameCallback (package:flutter/src/scheduler/binding.dart:1434:15)
#1023   SchedulerBinding.handleDrawFrame (package:flutter/src/scheduler/binding.dart:1347:9)
#1024   AutomatedTestWidgetsFlutterBinding.pump.<anonymous closure> (package:flutter_test/src/binding.dart:1335:9)
#1027   TestAsyncUtils.guard (package:flutter_test/src/test_async_utils.dart:74:41)
#1028   AutomatedTestWidgetsFlutterBinding.pump (package:flutter_test/src/binding.dart:1324:27)
#1029   WidgetTester.pumpWidget.<anonymous closure> (package:flutter_test/src/widget_tester.dart:598:22)
#1032   TestAsyncUtils.guard (package:flutter_test/src/test_async_utils.dart:74:41)
#1033   WidgetTester.pumpWidget (package:flutter_test/src/widget_tester.dart:595:27)
#1034   main.<anonymous closure> (file:///Users/mobarak/Documents/6amTech/gitHub/dayoneSoft/clean_boilerplate/test/features/auth/presentation/screens/login_screen_test.dart:72:18)
#1035   testWidgets.<anonymous closure>.<anonymous closure> (package:flutter_test/src/widget_tester.dart:192:29)
<asynchronous suspension>
#1036   TestWidgetsFlutterBinding._runTestBody (package:flutter_test/src/binding.dart:1059:5)
<asynchronous suspension>
<asynchronous suspension>
(elided 5 frames from dart:async and package:stack_trace)

════════════════════════════════════════════════════════════════════════════════════════════════════
══╡ EXCEPTION CAUGHT BY RENDERING LIBRARY ╞═════════════════════════════════════════════════════════
The following assertion was thrown during layout:
A RenderFlex overflowed by 199576 pixels on the bottom.

The relevant error-causing widget was:
  Column
  Column:file:///Users/mobarak/Documents/6amTech/gitHub/dayoneSoft/clean_boilerplate/lib/features/auth/presentation/widgets/login_form_widget.dart:28:16

The overflowing RenderFlex has an orientation of Axis.vertical.
The edge of the RenderFlex that is overflowing has been marked in the rendering with a yellow and
black striped pattern. This is usually caused by the contents being too big for the RenderFlex.
Consider applying a flex factor (e.g. using an Expanded widget) to force the children of the
RenderFlex to fit within the available space instead of being sized to their natural size.
This is considered an error condition because it indicates that there is content that cannot be
seen. If the content is legitimately bigger than the available space, consider clipping it with a
ClipRect widget before putting it in the flex, or using a scrollable container rather than a Flex,
like a ListView.
The specific RenderFlex in question is: RenderFlex#1fd04 relayoutBoundary=up3 OVERFLOWING:
  creator: Column ← _FormScope ← WillPopScope ← Semantics ← Form-[LabeledGlobalKey<FormState>#f7b43] ←
    Padding ← LoginFormWidget ← BlocListener<AuthBloc, AuthState> ← BlocBuilder<AuthBloc, AuthState> ←
    BlocConsumer<AuthBloc, AuthState> ← KeyedSubtree-[GlobalKey#58fa9] ← _BodyBuilder ← ⋯
  parentData: <none> (can use size)
  constraints: BoxConstraints(0.0<=w<=768.0, 0.0<=h<=512.0)
  size: Size(768.0, 512.0)
  direction: vertical
  mainAxisAlignment: center
  mainAxisSize: max
  crossAxisAlignment: center
  verticalDirection: down
  spacing: 0.0
◢◤◢◤◢◤◢◤◢◤◢◤◢◤◢◤◢◤◢◤◢◤◢◤◢◤◢◤◢◤◢◤◢◤◢◤◢◤◢◤◢◤◢◤◢◤◢◤◢◤◢◤◢◤◢◤◢◤◢◤◢◤◢◤◢◤◢◤◢◤◢◤◢◤◢◤◢◤◢◤◢◤◢◤◢◤◢◤◢◤◢◤◢◤◢◤◢◤◢◤
════════════════════════════════════════════════════════════════════════════════════════════════════
══╡ EXCEPTION CAUGHT BY FLUTTER TEST FRAMEWORK ╞════════════════════════════════════════════════════
The following StateError was thrown running a test:
Bad state: No element

When the exception was thrown, this was the stack:
#0      Iterable.single (dart:core/iterable.dart:694:25)
#1      WidgetController.state (package:flutter_test/src/controller.dart:912:42)
#2      WidgetTester.showKeyboard.<anonymous closure> (package:flutter_test/src/widget_tester.dart:1125:42)
#5      TestAsyncUtils.guard (package:flutter_test/src/test_async_utils.dart:74:41)
#6      WidgetTester.showKeyboard (package:flutter_test/src/widget_tester.dart:1124:27)
#7      WidgetTester.enterText.<anonymous closure> (package:flutter_test/src/widget_tester.dart:1160:13)
#10     TestAsyncUtils.guard (package:flutter_test/src/test_async_utils.dart:74:41)
#11     WidgetTester.enterText (package:flutter_test/src/widget_tester.dart:1159:27)
#12     main.<anonymous closure> (file:///Users/mobarak/Documents/6amTech/gitHub/dayoneSoft/clean_boilerplate/test/features/auth/presentation/screens/login_screen_test.dart:74:18)
<asynchronous suspension>
#13     testWidgets.<anonymous closure>.<anonymous closure> (package:flutter_test/src/widget_tester.dart:192:15)
<asynchronous suspension>
#14     TestWidgetsFlutterBinding._runTestBody (package:flutter_test/src/binding.dart:1059:5)
<asynchronous suspension>
<asynchronous suspension>
(elided 5 frames from dart:async and package:stack_trace)

The test description was:
  Tapping login button adds LoginRequested event
════════════════════════════════════════════════════════════════════════════════════════════════════
══╡ EXCEPTION CAUGHT BY FLUTTER TEST FRAMEWORK ╞════════════════════════════════════════════════════
The following message was thrown:
Multiple exceptions (4) were detected during the running of the current test, and at least one was
unexpected.
════════════════════════════════════════════════════════════════════════════════════════════════════
00:01 +0 -3: Tapping login button adds LoginRequested event [E]                                                                                                                                        
  Test failed. See exception logs above.
  The test description was: Tapping login button adds LoginRequested event
  

To run this test again: /Users/mobarak/Documents/development/all/latest/bin/cache/dart-sdk/bin/dart test /Users/mobarak/Documents/6amTech/gitHub/dayoneSoft/clean_boilerplate/test/features/auth/presentation/screens/login_screen_test.dart -p vm --plain-name 'Tapping login button adds LoginRequested event'
00:01 +0 -3: Shows CircularProgressIndicator when state is loading                                                                                                                                     00:01 +1 -3: Shows CircularProgressIndicator when state is loading                                                                                                                                     00:01 +1 -3: Some tests failed                                                                                                                                                                      
